(---------------------------------------------------------------------)
(                                                                     )
(    Allegro Netrev Import Logic                                      )
(                                                                     )
(    Drawing          : autohood_teamschematic_v3.4.brd               )
(    Software Version : 17.4S024                                      )
(    Date/Time        : Sun Mar 27 22:16:09 2022                      )
(                                                                     )
(---------------------------------------------------------------------)


------ Directives ------------

Ripup etch:                  No
Ripup delete first segment:  No
Ripup retain bondwire:       No
Ripup symbols:               Always
Missing symbol has error:    No
DRC update:                  Yes
Schematic directory:         'c:\users\tyler\desktop\cadence\cadence\projects\autohood_projectmaster\allegro'
Design Directory:            'C:/Users/tyler/Desktop/Cadence/Cadence/Projects/autoHood_projectMaster/allegro'
Old design name:             'C:/Users/tyler/Desktop/Cadence/Cadence/Projects/autoHood_projectMaster/allegro/autohood_teamschematic_v3.4.brd'
New design name:             'C:/Users/tyler/Desktop/Cadence/Cadence/Projects/autoHood_projectMaster/allegro/autohood_teamschematic_v3.4.brd'

CmdLine: netrev -i c:\users\tyler\desktop\cadence\cadence\projects\autohood_projectmaster\allegro -y 1 -q netrev_constraint_report.xml C:/Users/tyler/Desktop/Cadence/Cadence/Projects/autoHood_projectMaster/allegro/#Taaaacs17672.tmp

------ Preparing to read pst files ------

Starting to read c:/users/tyler/desktop/cadence/cadence/projects/autohood_projectmaster/allegro/pstchip.dat 
   Finished reading c:/users/tyler/desktop/cadence/cadence/projects/autohood_projectmaster/allegro/pstchip.dat (00:00:00.01)
Starting to read c:/users/tyler/desktop/cadence/cadence/projects/autohood_projectmaster/allegro/pstxprt.dat 
   Finished reading c:/users/tyler/desktop/cadence/cadence/projects/autohood_projectmaster/allegro/pstxprt.dat (00:00:00.00)
Starting to read c:/users/tyler/desktop/cadence/cadence/projects/autohood_projectmaster/allegro/pstxnet.dat 
   Finished reading c:/users/tyler/desktop/cadence/cadence/projects/autohood_projectmaster/allegro/pstxnet.dat (00:00:00.00)

------ Oversights/Warnings/Errors ------


------ Library Paths ------
MODULEPATH =  . 
           c:/cadence/spb_17.4-silent/share/local/pcb/modules 

PSMPATH =  C:/Users/tyler/Desktop/Cadence/Cadence/symbols 
           . 
           symbols 
           .. 
           ../symbols 
           c:/cadence/spb_17.4-silent/share/local/pcb/symbols 
           c:/cadence/spb_17.4-silent/share/pcb/pcb_lib/symbols 
           c:/cadence/spb_17.4-silent/share/pcb/allegrolib/symbols 

PADPATH =  C:/Users/tyler/Desktop/Cadence/Cadence/symbols 
           . 
           symbols 
           .. 
           ../symbols 
           c:/cadence/spb_17.4-silent/share/local/pcb/padstacks 
           c:/cadence/spb_17.4-silent/share/pcb/pcb_lib/symbols 
           c:/cadence/spb_17.4-silent/share/pcb/allegrolib/symbols 


------ Summary Statistics ------


netrev run on Mar 27 22:16:09 2022
   DESIGN NAME : 'AUTOHOOD_TEAMSCHEMATIC_V1'
   PACKAGING ON Dec  6 2021 01:15:09

   COMPILE 'logic'
   CHECK_PIN_NAMES OFF
   CROSS_REFERENCE OFF
   FEEDBACK OFF
   INCREMENTAL OFF
   INTERFACE_TYPE PHYSICAL
   MAX_ERRORS 500
   MERGE_MINIMUM 5
   NET_NAME_CHARS '#%&()*+-./:=>?@[]^_`|'
   NET_NAME_LENGTH 24
   OVERSIGHTS ON
   REPLACE_CHECK OFF
   SINGLE_NODE_NETS ON
   SPLIT_MINIMUM 0
   SUPPRESS   20
   WARNINGS ON

 No error detected
 No oversight detected
 No warning detected

cpu time      0:00:34
elapsed time  0:00:00

